rank 0 0  using device  0
rank 1 1  using device  1
rank 2 2  using device  2
rank 3 3  using device  3
rank 4 4  using device  4
rank 5 5  using device  5
rank 30 0  using device  0
rank 31 1  using device  1
rank 32 2  using device  2
rank 33 3  using device  3
rank 34 4  using device  4
rank 35 5  using device  5
rank 6 0  using device  0
rank 24 0  using device  0
rank 25 1  using device  1
rank 42 0  using device  0
rank 12 0  using device  0
rank 13 1  using device  1
rank 18 0  using device  0
rank 19 1  using device  1
rank 44 2  using device  2
rank 7 1  using device  1
rank 43 1  using device  1
rank 38 2  using device  2
rank 14 2  using device  2
rank 8 2  using device  2
rank 36 0  using device  0
rank 27 3  using device  3
rank 37 1  using device  1
rank 9 3  using device  3
rank 20 2  using device  2
rank 15 3  using device  3
rank 45 3  using device  3
rank 21 3  using device  3
rank 46 4  using device  4
rank 39 3  using device  3
rank 16 4  using device  4
rank 47 5  using device  5
rank 11 5  using device  5
rank 22 4  using device  4
rank 17 5  using device  5
rank 28 4  using device  4
rank 10 4  using device  4
rank 29 5  using device  5
rank 23 5  using device  5
rank 41 5  using device  5
rank 40 4  using device  4
rank 26 2  using device  2
=============================================
SStruct Interface:
=============================================
SStruct Interface:
SStruct Interface  wall clock time = 28.046824 seconds
SStruct Interface  cpu clock time  = 31.990000 seconds

Number of MPI processes: 48 , Number of OpenMP threads: 6

BoomerAMG SETUP PARAMETERS:

 Max levels = 25
 Num levels = 10

 Strength Threshold = 0.250000
 Interpolation Truncation Factor = 0.000000
 Maximum Row Sum Threshold for Dependency Weakening = 0.900000

 Coarsening Type = HMIS 
 Hybrid Coarsening (switch to CLJP when coarsening slows)
 measures are determined locally

 no. of levels of aggressive coarsening: 1


 No global partition option chosen.

 Interpolation = extended+i interpolation

Operator Matrix Information:

                  nonzero         entries per row        row sums
lev        rows   entries  sparse  min  max   avg       min         max
=========================================================================
 0    859963392 6973890912  0.000     4    9   8.1  -4.274e-15   3.000e+02
 1     89292690 1775981860  0.000     4   49  19.9  -4.361e-12   9.768e+02
 2     27196820 967118431  0.000     5  150  35.6  -3.506e-03   1.830e+03
 3      8580665 486778320  0.000     7  450  56.7  -1.608e-01   3.582e+03
 4      1919069 167237356  0.000     7  863  87.1  -2.505e+01   8.619e+03
 5       387773 42872425  0.000     9  594  110.6  -3.066e+04   2.057e+04
 6        60282  6541419  0.002     9  305  108.5  -4.321e+04   6.514e+04
 7         8924   707993  0.009    10  226  79.3  -1.094e+04   1.581e+05
 8         1078    46952  0.040     8  127  43.6  -1.667e+02   2.044e+05
 9           88      836  0.108     1   24   9.5   8.248e+00   2.351e+05


Interpolation Matrix Information:

                             entries/row    min     max         row sums
lev        rows x cols          min max     weight   weight     min       max 
=============================================================================
 0    859963392 x 89292690       1  11   1.488e-02 1.000e+00 1.759e-01 1.000e+00
 1     89292690 x 27196820       1   4   4.439e-03 1.000e+00 1.300e-01 1.000e+00
 2     27196820 x 8580665        0   4  -4.503e-01 1.000e+00 0.000e+00 1.000e+00
 3      8580665 x 1919069        0   4  -4.508e+01 1.853e+01 0.000e+00 1.018e+00
 4      1919069 x 387773         0   4  -1.586e+02 6.970e+01 -3.343e-01 1.034e+00
 5       387773 x 60282          0   4  -3.402e+02 1.216e+02 -1.365e+00 3.665e+00
 6        60282 x 8924           0   4  -4.428e+01 7.947e+01 -6.767e+00 1.092e+00
 7         8924 x 1078           0   4  -3.626e+01 2.485e+01 -5.695e-01 1.060e+00
 8         1078 x 88             0   4  -3.478e-01 9.963e-01 -5.187e-03 1.012e+00


     Complexity:    grid = 1.148201
                operator = 1.494313




BoomerAMG SOLVER PARAMETERS:

  Maximum number of cycles:         1 
  Stopping Tolerance:               0.000000e+00 
  Cycle type (1 = V, 2 = W, etc.):  1

  Relaxation Parameters:
   Visiting Grid:                     down   up  coarse
            Number of partial sweeps:    1    1     1 
   Type 0=Jac, 3=hGS, 6=hSGS, 9=GE:     16   16    16 
   Point types, partial sweeps (1=C, -1=F):
                  Pre-CG relaxation (down):   0
                   Post-CG relaxation (up):   0
                             Coarsest grid:   0

=============================================
Setup phase times:
=============================================
PCG Setup:
PCG Setup  wall clock time = 476.530041 seconds
PCG Setup  cpu clock time  = 2604.180000 seconds

System Size / Setup Phase Time: 2.406182e+06

MAX_NNZ 0 160953120
MAX_NNZ 1 66677184
MAX_NNZ 2 33131520
MAX_NNZ 3 54631771
MAX_NNZ 4 22968162
MAX_NNZ 5 6692453
MAX_NNZ 6 1208076
MAX_NNZ 7 136082
MAX_NNZ 8 8759
MAX_NNZ 9 229
<b,b>: 8.042189e+10


Iters       ||r||_2     conv.rate  ||r||_2/||b||_2
-----    ------------   ---------  ------------ 
