rank 3 3  using device  3
rank 4 4  using device  4
rank 5 5  using device  5
rank 1 1  using device  1
rank 2 2  using device  2
rank 0 0  using device  0
rank 30 0  using device  0
rank 6 0  using device  0
rank 12 0  using device  0
rank 31 1  using device  1
rank 13 1  using device  1
rank 7 1  using device  1
rank 24 0  using device  0
rank 42 0  using device  0
rank 36 0  using device  0
rank 37 1  using device  1
rank 43 1  using device  1
rank 25 1  using device  1
rank 8 2  using device  2
rank 19 1  using device  1
rank 18 0  using device  0
rank 44 2  using device  2
rank 14 2  using device  2
rank 32 2  using device  2
rank 38 2  using device  2
rank 20 2  using device  2
rank 26 2  using device  2
rank 9 3  using device  3
rank 33 3  using device  3
rank 27 3  using device  3
rank 15 3  using device  3
rank 21 3  using device  3
rank 45 3  using device  3
rank 28 4  using device  4
rank 10 4  using device  4
rank 34 4  using device  4
rank 46 4  using device  4
rank 39 3  using device  3
rank 40 4  using device  4
rank 22 4  using device  4
rank 11 5  using device  5
rank 35 5  using device  5
rank 29 5  using device  5
rank 17 5  using device  5
rank 47 5  using device  5
rank 41 5  using device  5
rank 23 5  using device  5
rank 16 4  using device  4
=============================================
SStruct Interface:
=============================================
SStruct Interface:
SStruct Interface  wall clock time = 21.846811 seconds
SStruct Interface  cpu clock time  = 25.200000 seconds

Number of MPI processes: 48 , Number of OpenMP threads: 6

BoomerAMG SETUP PARAMETERS:

 Max levels = 25
 Num levels = 11

 Strength Threshold = 0.250000
 Interpolation Truncation Factor = 0.000000
 Maximum Row Sum Threshold for Dependency Weakening = 0.900000

 Coarsening Type = HMIS 
 Hybrid Coarsening (switch to CLJP when coarsening slows)
 measures are determined locally

 no. of levels of aggressive coarsening: 1


 No global partition option chosen.

 Interpolation = extended+i interpolation

Operator Matrix Information:

                  nonzero         entries per row        row sums
lev        rows   entries  sparse  min  max   avg       min         max
=========================================================================
 0    603979776 4896817920  0.000     4    9   8.1  -4.274e-15   3.000e+02
 1     62685326 1241210873  0.000     5   50  19.8  -3.883e-12   9.411e+02
 2     19286962 683635855  0.000     6  145  35.4  -7.358e-12   1.777e+03
 3      6168023 346985223  0.000     6  424  56.3  -1.286e-02   3.454e+03
 4      1392854 120751992  0.000     7 1036  86.7  -1.274e+01   7.410e+03
 5       272302 29436286  0.000     8  610  108.1  -2.933e+02   1.966e+04
 6        42000  4310031  0.002    10  256  102.6  -3.643e+03   5.861e+04
 7         6132   424034  0.011    10  169  69.2  -1.038e+03   2.590e+05
 8          818    32176  0.048     3   97  39.3  -2.026e+00   2.882e+05
 9           58      496  0.147     2   21   8.6   8.649e+00   2.010e+05
10            1        1  1.000     1    1   1.0   1.205e+02   1.205e+02


Interpolation Matrix Information:

                             entries/row    min     max         row sums
lev        rows x cols          min max     weight   weight     min       max 
=============================================================================
 0    603979776 x 62685326       1  11   1.488e-02 1.000e+00 1.759e-01 1.000e+00
 1     62685326 x 19286962       1   4   4.439e-03 1.000e+00 1.389e-01 1.000e+00
 2     19286962 x 6168023        0   4  -3.068e-02 1.000e+00 0.000e+00 1.000e+00
 3      6168023 x 1392854        0   4  -1.881e+01 1.079e+01 0.000e+00 1.013e+00
 4      1392854 x 272302         0   4  -1.506e+02 8.117e+01 0.000e+00 1.054e+00
 5       272302 x 42000          0   4  -3.574e+02 2.135e+02 -1.003e+00 2.603e+00
 6        42000 x 6132           0   4  -2.915e+01 3.317e+01 -6.403e-01 3.579e+00
 7         6132 x 818            0   4  -6.540e+00 7.498e+00 -7.505e-01 1.026e+00
 8          818 x 58             0   4  -6.898e-01 7.496e-01 0.000e+00 1.016e+00
 9           58 x 1              0   1   6.327e-01 6.327e-01 0.000e+00 1.000e+00


     Complexity:    grid = 1.148771
                operator = 1.495584




BoomerAMG SOLVER PARAMETERS:

  Maximum number of cycles:         1 
  Stopping Tolerance:               0.000000e+00 
  Cycle type (1 = V, 2 = W, etc.):  1

  Relaxation Parameters:
   Visiting Grid:                     down   up  coarse
            Number of partial sweeps:    1    1     1 
   Type 0=Jac, 3=hGS, 6=hSGS, 9=GE:     16   16    16 
   Point types, partial sweeps (1=C, -1=F):
                  Pre-CG relaxation (down):   0
                   Post-CG relaxation (up):   0
                             Coarsest grid:   0

=============================================
Setup phase times:
=============================================
PCG Setup:
PCG Setup  wall clock time = 279.171456 seconds
PCG Setup  cpu clock time  = 1505.850000 seconds

System Size / Setup Phase Time: 2.884630e+06

MAX_NNZ 0 113017088
MAX_NNZ 1 46785024
MAX_NNZ 2 23228928
MAX_NNZ 3 38776866
MAX_NNZ 4 16417095
MAX_NNZ 5 4492068
MAX_NNZ 6 765790
MAX_NNZ 7 76473
MAX_NNZ 8 6485
MAX_NNZ 9 187
MAX_NNZ 10 1
<b,b>: 6.006100e+10


Iters       ||r||_2     conv.rate  ||r||_2/||b||_2
-----    ------------   ---------  ------------ 
    1    1.174524e+05    0.479254    4.792540e-01
ITERATION 1 0.612773
    2    1.778820e+04    0.151450    7.258313e-02
ITERATION 2 0.606947
    3    2.886475e+03    0.162269    1.177800e-02
ITERATION 3 0.617032
    4    7.404030e+02    0.256508    3.021147e-03
ITERATION 4 0.611724
    5    1.833408e+02    0.247623    7.481056e-04
ITERATION 5 0.609385
    6    3.844398e+01    0.209686    1.568672e-04
ITERATION 6 0.610832
    7    1.083825e+01    0.281923    4.422448e-05
ITERATION 7 0.615887
    8    3.515522e+00    0.324363    1.434477e-05
ITERATION 8 0.613066
