rank 4 4  using device  4
rank 5 5  using device  5
rank 0 0  using device  0
rank 1 1  using device  1
rank 2 2  using device  2
rank 3 3  using device  3
rank 24 0  using device  0
rank 30 0  using device  0
rank 25 1  using device  1
rank 31 1  using device  1
rank 6 0  using device  0
rank 42 0  using device  0
rank 7 1  using device  1
rank 12 0  using device  0
rank 43 1  using device  1
rank 36 0  using device  0
rank 26 2  using device  2
rank 32 2  using device  2
rank 44 2  using device  2
rank 8 2  using device  2
rank 20 2  using device  2
rank 18 0  using device  0
rank 14 2  using device  2
rank 37 1  using device  1
rank 27 3  using device  3
rank 33 3  using device  3
rank 45 3  using device  3
rank 19 1  using device  1
rank 38 2  using device  2
rank 21 3  using device  3
rank 13 1  using device  1
rank 39 3  using device  3
rank 9 3  using device  3
rank 15 3  using device  3
rank 28 4  using device  4
rank 34 4  using device  4
rank 10 4  using device  4
rank 46 4  using device  4
rank 22 4  using device  4
rank 35 5  using device  5
rank 29 5  using device  5
rank 16 4  using device  4
rank 40 4  using device  4
rank 11 5  using device  5
rank 47 5  using device  5
rank 23 5  using device  5
rank 41 5  using device  5
rank 17 5  using device  5
=============================================
SStruct Interface:
=============================================
SStruct Interface:
SStruct Interface  wall clock time = 29.192412 seconds
SStruct Interface  cpu clock time  = 34.440000 seconds

Number of MPI processes: 48 , Number of OpenMP threads: 6

BoomerAMG SETUP PARAMETERS:

 Max levels = 25
 Num levels = 10

 Strength Threshold = 0.250000
 Interpolation Truncation Factor = 0.000000
 Maximum Row Sum Threshold for Dependency Weakening = 0.900000

 Coarsening Type = HMIS 
 Hybrid Coarsening (switch to CLJP when coarsening slows)
 measures are determined locally

 no. of levels of aggressive coarsening: 1


 No global partition option chosen.

 Interpolation = extended+i interpolation

Operator Matrix Information:

                  nonzero         entries per row        row sums
lev        rows   entries  sparse  min  max   avg       min         max
=========================================================================
 0    859963392 6973890912  0.000     4    9   8.1  -4.274e-15   3.000e+02
 1     89292690 1775981860  0.000     4   49  19.9  -4.361e-12   9.768e+02
 2     27196820 967118431  0.000     5  150  35.6  -3.506e-03   1.830e+03
 3      8580665 486778320  0.000     7  450  56.7  -1.608e-01   3.582e+03
 4      1919069 167237356  0.000     7  863  87.1  -2.505e+01   8.619e+03
 5       387773 42872425  0.000     9  594  110.6  -3.066e+04   2.057e+04
 6        60282  6541419  0.002     9  305  108.5  -4.321e+04   6.514e+04
 7         8924   707993  0.009    10  226  79.3  -1.094e+04   1.581e+05
 8         1078    46952  0.040     8  127  43.6  -1.667e+02   2.044e+05
 9           88      836  0.108     1   24   9.5   8.248e+00   2.351e+05


Interpolation Matrix Information:

                             entries/row    min     max         row sums
lev        rows x cols          min max     weight   weight     min       max 
=============================================================================
 0    859963392 x 89292690       1  11   1.488e-02 1.000e+00 1.759e-01 1.000e+00
 1     89292690 x 27196820       1   4   4.439e-03 1.000e+00 1.300e-01 1.000e+00
 2     27196820 x 8580665        0   4  -4.503e-01 1.000e+00 0.000e+00 1.000e+00
 3      8580665 x 1919069        0   4  -4.508e+01 1.853e+01 0.000e+00 1.018e+00
 4      1919069 x 387773         0   4  -1.586e+02 6.970e+01 -3.343e-01 1.034e+00
 5       387773 x 60282          0   4  -3.402e+02 1.216e+02 -1.365e+00 3.665e+00
 6        60282 x 8924           0   4  -4.428e+01 7.947e+01 -6.767e+00 1.092e+00
 7         8924 x 1078           0   4  -3.626e+01 2.485e+01 -5.695e-01 1.060e+00
 8         1078 x 88             0   4  -3.478e-01 9.963e-01 -5.187e-03 1.012e+00


     Complexity:    grid = 1.148201
                operator = 1.494313




BoomerAMG SOLVER PARAMETERS:

  Maximum number of cycles:         1 
  Stopping Tolerance:               0.000000e+00 
  Cycle type (1 = V, 2 = W, etc.):  1

  Relaxation Parameters:
   Visiting Grid:                     down   up  coarse
            Number of partial sweeps:    2    2     2 
   Type 0=Jac, 3=hGS, 6=hSGS, 9=GE:     18   18    18 
   Point types, partial sweeps (1=C, -1=F):
                  Pre-CG relaxation (down):   0   0
                   Post-CG relaxation (up):   0   0
                             Coarsest grid:   0   0

=============================================
Setup phase times:
=============================================
PCG Setup:
PCG Setup  wall clock time = 470.137243 seconds
PCG Setup  cpu clock time  = 2573.030000 seconds

System Size / Setup Phase Time: 2.438900e+06

MAX_NNZ 0 160953120
MAX_NNZ 1 66677184
MAX_NNZ 2 33131520
MAX_NNZ 3 54631771
MAX_NNZ 4 22968162
MAX_NNZ 5 6692453
MAX_NNZ 6 1208076
MAX_NNZ 7 136082
MAX_NNZ 8 8759
MAX_NNZ 9 229
<b,b>: 8.042189e+10


Iters       ||r||_2     conv.rate  ||r||_2/||b||_2
-----    ------------   ---------  ------------ 
    1    1.976647e+05    0.697015    6.970149e-01
ITERATION 1 0.076522
    2    4.241093e+04    0.214560    1.495515e-01
ITERATION 2 0.0763504
    3    8.012701e+03    0.188930    2.825477e-02
ITERATION 3 0.075533
    4    3.342031e+03    0.417092    1.178483e-02
ITERATION 4 0.0754771
    5    9.077514e+02    0.271617    3.200956e-03
ITERATION 5 0.0755198
    6    2.461316e+02    0.271144    8.679213e-04
ITERATION 6 0.0756678
    7    8.174305e+01    0.332111    2.882463e-04
ITERATION 7 0.0756227
    8    2.963494e+01    0.362538    1.045001e-04
ITERATION 8 0.0754864
    9    1.072040e+01    0.361749    3.780279e-05
ITERATION 9 0.0755901
   10    4.494964e+00    0.419291    1.585036e-05
ITERATION 10 0.0755473
   11    1.586688e+00    0.352992    5.595055e-06
ITERATION 11 0.0755206
   12    7.128515e-01    0.449270    2.513691e-06
ITERATION 12 0.0755652
   13    2.840575e-01    0.398481    1.001657e-06
ITERATION 13 0.0755179
   14    1.320702e-01    0.464942    4.657123e-07


CUDA memory usage per fine row: 7.0116e-07 GB
LEVEL_TIME 0 0.0280635
LEVEL_TIME 1 0.0110921
LEVEL_TIME 2 0.00673613
LEVEL_TIME 3 0.00793861
LEVEL_TIME 4 0.00436604
LEVEL_TIME 5 0.00299765
LEVEL_TIME 6 0.00323319
LEVEL_TIME 7 0.00207592
LEVEL_TIME 8 0.000685168
LEVEL_TIME 9 0.000159642
=============================================
Solve phase times:
=============================================
PCG Solve:
PCG Solve  wall clock time = 1.192371 seconds
PCG Solve  cpu clock time  = 4.760000 seconds

AMG2013 Benchmark version 1.0
Iterations = 14
Final Relative Residual Norm = 4.657123e-07

System Size * Iterations / Solve Phase Time: 1.346280e+10

